// Vitest Snapshot v1, https://vitest.dev/guide/snapshot.html

exports[`EmptyCard > renders correctly 1`] = `
{
  "asFragment": [Function],
  "baseElement": <body>
    <div>
      <style
        data-cmpld="true"
      >
        ._1bah1h6o{justify-content:center}._16jlkb7n{flex-grow:1}._1o9zkb7n{flex-shrink:1}._i0dlf1ug{flex-basis:0%}._4cvr1h6o{align-items:center}._4t3imry4{height:var(--_roksyz)}._1bsb9tg7{width:var(--_1ea5ebz)}
      </style>
      <style
        data-cmpld="true"
      >
        ._1e0c1txw{display:flex}._2lx21bp4{flex-direction:column}
      </style>
      <div
        class="_1e0c1txw _2lx21bp4 _1bah1h6o _16jlkb7n _1o9zkb7n _i0dlf1ug _4cvr1h6o _4t3imry4 _1bsb9tg7"
        style="--_roksyz: var(--c-, ); --_1ea5ebz: var(--c-, );"
      >
        empty card
      </div>
    </div>
  </body>,
  "container": <div>
    <style
      data-cmpld="true"
    >
      ._1bah1h6o{justify-content:center}._16jlkb7n{flex-grow:1}._1o9zkb7n{flex-shrink:1}._i0dlf1ug{flex-basis:0%}._4cvr1h6o{align-items:center}._4t3imry4{height:var(--_roksyz)}._1bsb9tg7{width:var(--_1ea5ebz)}
    </style>
    <style
      data-cmpld="true"
    >
      ._1e0c1txw{display:flex}._2lx21bp4{flex-direction:column}
    </style>
    <div
      class="_1e0c1txw _2lx21bp4 _1bah1h6o _16jlkb7n _1o9zkb7n _i0dlf1ug _4cvr1h6o _4t3imry4 _1bsb9tg7"
      style="--_roksyz: var(--c-, ); --_1ea5ebz: var(--c-, );"
    >
      empty card
    </div>
  </div>,
  "debug": [Function],
  "findAllByAltText": [Function],
  "findAllByDisplayValue": [Function],
  "findAllByLabelText": [Function],
  "findAllByPlaceholderText": [Function],
  "findAllByRole": [Function],
  "findAllByTestId": [Function],
  "findAllByText": [Function],
  "findAllByTitle": [Function],
  "findByAltText": [Function],
  "findByDisplayValue": [Function],
  "findByLabelText": [Function],
  "findByPlaceholderText": [Function],
  "findByRole": [Function],
  "findByTestId": [Function],
  "findByText": [Function],
  "findByTitle": [Function],
  "getAllByAltText": [Function],
  "getAllByDisplayValue": [Function],
  "getAllByLabelText": [Function],
  "getAllByPlaceholderText": [Function],
  "getAllByRole": [Function],
  "getAllByTestId": [Function],
  "getAllByText": [Function],
  "getAllByTitle": [Function],
  "getByAltText": [Function],
  "getByDisplayValue": [Function],
  "getByLabelText": [Function],
  "getByPlaceholderText": [Function],
  "getByRole": [Function],
  "getByTestId": [Function],
  "getByText": [Function],
  "getByTitle": [Function],
  "queryAllByAltText": [Function],
  "queryAllByDisplayValue": [Function],
  "queryAllByLabelText": [Function],
  "queryAllByPlaceholderText": [Function],
  "queryAllByRole": [Function],
  "queryAllByTestId": [Function],
  "queryAllByText": [Function],
  "queryAllByTitle": [Function],
  "queryByAltText": [Function],
  "queryByDisplayValue": [Function],
  "queryByLabelText": [Function],
  "queryByPlaceholderText": [Function],
  "queryByRole": [Function],
  "queryByTestId": [Function],
  "queryByText": [Function],
  "queryByTitle": [Function],
  "rerender": [Function],
  "unmount": [Function],
}
`;

exports[`EmptyCard > renders correctly with text msg 1`] = `
{
  "asFragment": [Function],
  "baseElement": <body>
    <div>
      <style
        data-cmpld="true"
      >
        ._1bah1h6o{justify-content:center}._16jlkb7n{flex-grow:1}._1o9zkb7n{flex-shrink:1}._i0dlf1ug{flex-basis:0%}._4cvr1h6o{align-items:center}._4t3imry4{height:var(--_roksyz)}._1bsb9tg7{width:var(--_1ea5ebz)}
      </style>
      <style
        data-cmpld="true"
      >
        ._1e0c1txw{display:flex}._2lx21bp4{flex-direction:column}
      </style>
      <div
        class="_1e0c1txw _2lx21bp4 _1bah1h6o _16jlkb7n _1o9zkb7n _i0dlf1ug _4cvr1h6o _4t3imry4 _1bsb9tg7"
        style="--_roksyz: var(--c-, ); --_1ea5ebz: var(--c-, );"
      >
        empty card
      </div>
    </div>
  </body>,
  "container": <div>
    <style
      data-cmpld="true"
    >
      ._1bah1h6o{justify-content:center}._16jlkb7n{flex-grow:1}._1o9zkb7n{flex-shrink:1}._i0dlf1ug{flex-basis:0%}._4cvr1h6o{align-items:center}._4t3imry4{height:var(--_roksyz)}._1bsb9tg7{width:var(--_1ea5ebz)}
    </style>
    <style
      data-cmpld="true"
    >
      ._1e0c1txw{display:flex}._2lx21bp4{flex-direction:column}
    </style>
    <div
      class="_1e0c1txw _2lx21bp4 _1bah1h6o _16jlkb7n _1o9zkb7n _i0dlf1ug _4cvr1h6o _4t3imry4 _1bsb9tg7"
      style="--_roksyz: var(--c-, ); --_1ea5ebz: var(--c-, );"
    >
      empty card
    </div>
  </div>,
  "debug": [Function],
  "findAllByAltText": [Function],
  "findAllByDisplayValue": [Function],
  "findAllByLabelText": [Function],
  "findAllByPlaceholderText": [Function],
  "findAllByRole": [Function],
  "findAllByTestId": [Function],
  "findAllByText": [Function],
  "findAllByTitle": [Function],
  "findByAltText": [Function],
  "findByDisplayValue": [Function],
  "findByLabelText": [Function],
  "findByPlaceholderText": [Function],
  "findByRole": [Function],
  "findByTestId": [Function],
  "findByText": [Function],
  "findByTitle": [Function],
  "getAllByAltText": [Function],
  "getAllByDisplayValue": [Function],
  "getAllByLabelText": [Function],
  "getAllByPlaceholderText": [Function],
  "getAllByRole": [Function],
  "getAllByTestId": [Function],
  "getAllByText": [Function],
  "getAllByTitle": [Function],
  "getByAltText": [Function],
  "getByDisplayValue": [Function],
  "getByLabelText": [Function],
  "getByPlaceholderText": [Function],
  "getByRole": [Function],
  "getByTestId": [Function],
  "getByText": [Function],
  "getByTitle": [Function],
  "queryAllByAltText": [Function],
  "queryAllByDisplayValue": [Function],
  "queryAllByLabelText": [Function],
  "queryAllByPlaceholderText": [Function],
  "queryAllByRole": [Function],
  "queryAllByTestId": [Function],
  "queryAllByText": [Function],
  "queryAllByTitle": [Function],
  "queryByAltText": [Function],
  "queryByDisplayValue": [Function],
  "queryByLabelText": [Function],
  "queryByPlaceholderText": [Function],
  "queryByRole": [Function],
  "queryByTestId": [Function],
  "queryByText": [Function],
  "queryByTitle": [Function],
  "rerender": [Function],
  "unmount": [Function],
}
`;
